// Jest Snapshot v1, https://goo.gl/fbAQLP

exports[`Test SpriteSheet-component should render correctly 1`] = `
<View
  collapsable={false}
  pointerEvents="box-none"
  style={
    Object {
      "flex": 1,
    }
  }
>
  <View
    onLayout={[Function]}
    style={
      Array [
        Object {
          "aspectRatio": 1,
          "overflow": "hidden",
        },
        undefined,
      ]
    }
  >
    <Image
      collapsable={false}
      nativeID="animatedComponent"
      resizeMode="stretch"
      source={
        Object {
          "testUri": "../../../assets/femfit/bird.png",
        }
      }
      style={
        Object {
          "height": 128,
          "opacity": 0,
          "transform": Array [
            Object {
              "translateX": 0,
            },
            Object {
              "translateY": 0,
            },
          ],
          "width": 384,
        }
      }
    />
  </View>
</View>
`;
