// Jest Snapshot v1, https://goo.gl/fbAQLP

exports[`Test ConnectDeviceScreen-component should render correctly 1`] = `
<View
  collapsable={false}
  pointerEvents="box-none"
  style={
    Object {
      "flex": 1,
    }
  }
>
  <RCTSafeAreaView
    emulateUnlessSupported={true}
    testID="ConnectDeviceScreen"
  >
    <RCTScrollView
      collapsable={false}
      handlerTag={1}
      handlerType="NativeViewGestureHandler"
      onGestureHandlerEvent={[Function]}
      onGestureHandlerStateChange={[Function]}
      style={
        Object {
          "marginTop": 10,
        }
      }
      waitFor={
        Array [
          Object {
            "current": null,
          },
        ]
      }
    >
      <View>
        <View
          collapsable={false}
          nativeID="animatedComponent"
          style={
            Object {
              "backgroundColor": "#ffffff",
              "borderRadius": 15,
              "margin": 10,
              "paddingHorizontal": 10,
              "shadowColor": "#000000",
              "shadowOffset": Object {
                "height": 3,
                "width": 0,
              },
              "shadowOpacity": 0.24,
              "shadowRadius": 4,
            }
          }
        >
          <Text
            style={
              Array [
                Object {
                  "color": "#000000",
                  "fontFamily": "System",
                  "fontWeight": "400",
                },
                Object {
                  "textAlign": "left",
                },
                Array [
                  Object {
                    "textAlign": "left",
                  },
                  Object {
                    "color": "rgba(0, 0, 0, 0.87)",
                    "fontFamily": "System",
                    "fontWeight": "500",
                    "writingDirection": "ltr",
                  },
                  Array [
                    Object {
                      "fontSize": 20,
                      "letterSpacing": 0.15,
                      "lineHeight": 30,
                      "marginVertical": 2,
                    },
                    Object {
                      "fontSize": 15,
                      "fontWeight": "700",
                      "paddingHorizontal": 10,
                      "paddingVertical": 5,
                    },
                  ],
                ],
              ]
            }
          >
            Available devices
          </Text>
          <View
            style={
              Array [
                Object {
                  "backgroundColor": "rgba(0, 0, 0, 0.12)",
                  "height": 0.5,
                },
                undefined,
                undefined,
              ]
            }
          />
          <View
            style={
              Array [
                Object {
                  "marginVertical": 8,
                },
                undefined,
              ]
            }
            theme={
              Object {
                "animation": Object {
                  "scale": 1,
                },
                "colors": Object {
                  "accent": "#03dac4",
                  "backdrop": "rgba(0, 0, 0, 0.5)",
                  "background": "#f6f6f6",
                  "border": "rgb(216, 216, 216)",
                  "card": "rgb(255, 255, 255)",
                  "disabled": "rgba(0, 0, 0, 0.26)",
                  "elevation": Object {
                    "elevation1": "#fff",
                  },
                  "error": "#B00020",
                  "muted": "rgba(0, 0, 0, 0.54)",
                  "notification": "#f50057",
                  "onSurface": "#000000",
                  "placeholder": "rgba(0, 0, 0, 0.54)",
                  "primary": "#00b0ff",
                  "status": Object {
                    "alert": "#ffd600",
                    "error": "#dd2c00",
                    "success": "#64dd17",
                  },
                  "surface": "#ffffff",
                  "text": "#000000",
                },
                "dark": false,
                "fonts": Object {
                  "light": Object {
                    "fontFamily": "System",
                    "fontWeight": "300",
                  },
                  "medium": Object {
                    "fontFamily": "System",
                    "fontWeight": "500",
                  },
                  "regular": Object {
                    "fontFamily": "System",
                    "fontWeight": "400",
                  },
                  "thin": Object {
                    "fontFamily": "System",
                    "fontWeight": "100",
                  },
                },
                "roundness": 15,
              }
            }
          >
            <View
              style={
                Object {
                  "flexDirection": "column",
                  "justifyContent": "center",
                  "padding": 10,
                }
              }
            >
              <Text
                allowFontScaling={false}
                selectable={false}
                style={
                  Array [
                    Object {
                      "color": "#00b0ff",
                      "fontSize": 32,
                    },
                    Array [
                      Object {
                        "alignSelf": "center",
                      },
                      Object {
                        "flex": 1,
                      },
                    ],
                    Object {
                      "fontFamily": "Material Design Icons",
                      "fontStyle": "normal",
                      "fontWeight": "normal",
                    },
                    Object {},
                  ]
                }
              >
                ó°—–
              </Text>
              <Text
                style={
                  Array [
                    Object {
                      "color": "#000000",
                      "fontFamily": "System",
                      "fontWeight": "400",
                    },
                    Object {
                      "textAlign": "left",
                    },
                    Object {
                      "flex": 1,
                      "fontSize": 16,
                      "paddingTop": 8,
                      "textAlign": "center",
                    },
                  ]
                }
              >
                No devices found!
              </Text>
            </View>
          </View>
        </View>
      </View>
    </RCTScrollView>
  </RCTSafeAreaView>
</View>
`;
