// Jest Snapshot v1, https://goo.gl/fbAQLP

exports[`Test Accordion-component should render correctly 1`] = `
<View
  collapsable={false}
  pointerEvents="box-none"
  style={
    Object {
      "flex": 1,
    }
  }
>
  <RCTSafeAreaView
    emulateUnlessSupported={true}
    style={
      Array [
        Object {
          "backgroundColor": "#f6f6f6",
          "elevation": 4,
          "zIndex": 0,
        },
        Object {
          "shadowColor": "#000000",
          "shadowOffset": Object {
            "height": 3,
            "width": 0,
          },
          "shadowOpacity": 0.24,
          "shadowRadius": 4,
        },
      ]
    }
  >
    <View
      collapsable={false}
      nativeID="animatedComponent"
      style={
        Object {
          "alignItems": "center",
          "backgroundColor": "#f6f6f6",
          "elevation": 0,
          "flexDirection": "row",
          "height": 56,
          "marginTop": 0,
          "paddingHorizontal": 4,
        }
      }
    >
      <RNGestureHandlerButton
        collapsable={false}
        delayLongPress={600}
        enabled={true}
        exclusive={true}
        handlerTag={1}
        handlerType="NativeViewGestureHandler"
        onGestureEvent={[Function]}
        onGestureHandlerEvent={[Function]}
        onGestureHandlerStateChange={[Function]}
        onHandlerStateChange={[Function]}
        rippleColor={0}
        touchSoundDisabled={false}
      >
        <View
          accessible={true}
          collapsable={false}
          nativeID="animatedComponent"
          style={
            Object {
              "alignContent": "center",
              "alignItems": "center",
              "alignSelf": "center",
              "flex": 1,
              "flexDirection": "row",
              "opacity": 1,
            }
          }
        >
          <Text
            allowFontScaling={false}
            selectable={false}
            style={
              Array [
                Object {
                  "color": "#0081cb",
                  "fontSize": 30,
                },
                Object {
                  "paddingTop": 3,
                },
                Object {
                  "fontFamily": "Material Design Icons",
                  "fontStyle": "normal",
                  "fontWeight": "normal",
                },
                Object {},
              ]
            }
          >
            Û∞ÖÅ
          </Text>
          <Text
            style={
              Array [
                Object {
                  "color": "#000000",
                  "fontFamily": "System",
                  "fontWeight": "400",
                },
                Object {
                  "textAlign": "left",
                },
                Object {
                  "color": "#0081cb",
                  "fontSize": 18,
                  "fontWeight": "500",
                },
              ]
            }
          >
            Home
          </Text>
        </View>
      </RNGestureHandlerButton>
    </View>
  </RCTSafeAreaView>
</View>
`;

exports[`Test Accordion-component should render without back button 1`] = `
<View
  collapsable={false}
  pointerEvents="box-none"
  style={
    Object {
      "flex": 1,
    }
  }
/>
`;
