// Jest Snapshot v1, https://goo.gl/fbAQLP

exports[`Test AvoidKeyboard-component should render correctly 1`] = `
<View
  collapsable={false}
  pointerEvents="box-none"
  style={
    Object {
      "flex": 1,
    }
  }
>
  <View
    onLayout={[Function]}
    style={
      Object {
        "paddingBottom": 0,
      }
    }
  >
    <Text>
      Test
    </Text>
  </View>
</View>
`;
