// Jest Snapshot v1, https://goo.gl/fbAQLP

exports[`Test Button-component should render correctly 1`] = `
<View
  collapsable={false}
  pointerEvents="box-none"
  style={
    Object {
      "flex": 1,
    }
  }
>
  <View
    style={
      Object {
        "backgroundColor": "transparent",
        "borderColor": "transparent",
        "borderRadius": 15,
        "borderStyle": "solid",
        "borderWidth": 0,
        "elevation": 0,
        "minWidth": 64,
        "shadowColor": "#000000",
        "shadowOffset": Object {
          "height": 0,
          "width": 0,
        },
        "shadowOpacity": 0,
        "shadowRadius": 0,
      }
    }
  >
    <View
      accessibilityRole="button"
      accessibilityState={
        Object {
          "disabled": true,
        }
      }
      accessible={true}
      focusable={false}
      onClick={[Function]}
      onResponderGrant={[Function]}
      onResponderMove={[Function]}
      onResponderRelease={[Function]}
      onResponderTerminate={[Function]}
      onResponderTerminationRequest={[Function]}
      onStartShouldSetResponder={[Function]}
      style={
        Array [
          Object {
            "overflow": "hidden",
          },
          Object {
            "borderRadius": 15,
          },
        ]
      }
    >
      <View
        style={
          Array [
            Object {
              "alignItems": "center",
              "flexDirection": "row",
              "justifyContent": "center",
            },
            Object {
              "paddingVertical": 5,
            },
          ]
        }
      >
        <Text
          numberOfLines={1}
          selectable={false}
          style={
            Array [
              Object {
                "color": "#000000",
                "fontFamily": "System",
                "fontWeight": "400",
              },
              Object {
                "textAlign": "left",
              },
              Array [
                Object {
                  "letterSpacing": 1,
                  "marginHorizontal": 16,
                  "marginVertical": 9,
                  "textAlign": "center",
                },
                undefined,
                Object {
                  "textTransform": "uppercase",
                },
                Object {
                  "color": "#00b0ff",
                  "fontFamily": "System",
                  "fontWeight": "500",
                },
                Object {
                  "fontFamily": "System",
                  "fontWeight": "500",
                },
                Object {
                  "fontSize": 16,
                },
              ],
            ]
          }
        >
          1
        </Text>
      </View>
    </View>
  </View>
</View>
`;
