// Jest Snapshot v1, https://goo.gl/fbAQLP

exports[`Test ListItem-component should render correctly 1`] = `
<View
  collapsable={false}
  pointerEvents="box-none"
  style={
    Object {
      "flex": 1,
    }
  }
>
  <View
    accessibilityState={
      Object {
        "disabled": true,
      }
    }
    accessible={true}
    focusable={false}
    onClick={[Function]}
    onResponderGrant={[Function]}
    onResponderMove={[Function]}
    onResponderRelease={[Function]}
    onResponderTerminate={[Function]}
    onResponderTerminationRequest={[Function]}
    onStartShouldSetResponder={[Function]}
    style={
      Array [
        false,
        Array [
          Object {
            "padding": 8,
          },
          undefined,
        ],
      ]
    }
  >
    <View
      style={
        Object {
          "flexDirection": "row",
        }
      }
    >
      <View
        style={
          Array [
            Object {
              "marginVertical": 6,
              "paddingLeft": 8,
            },
            Object {
              "flex": 1,
              "justifyContent": "center",
            },
          ]
        }
      >
        <Text
          numberOfLines={1}
          selectable={false}
          style={
            Array [
              Object {
                "color": "#000000",
                "fontFamily": "System",
                "fontWeight": "400",
              },
              Object {
                "textAlign": "left",
              },
              Array [
                Object {
                  "fontSize": 16,
                },
                Object {
                  "color": "rgba(0, 0, 0, 0.87)",
                },
                undefined,
              ],
            ]
          }
        >
          Test
        </Text>
      </View>
    </View>
  </View>
</View>
`;

exports[`Test ListItem-component should render skeleton on loading 1`] = `
<View
  collapsable={false}
  pointerEvents="box-none"
  style={
    Object {
      "flex": 1,
    }
  }
>
  <View
    style={
      Object {
        "alignItems": "center",
        "flexDirection": "row",
        "marginVertical": 8,
        "padding": 8,
      }
    }
  >
    <View
      style={
        Object {
          "backgroundColor": "#000000",
          "borderRadius": 11,
          "height": 22,
          "opacity": 0.1,
          "width": 22,
        }
      }
    >
      <View
        style={Object {}}
      />
    </View>
    <View
      style={
        Object {
          "backgroundColor": "#000000",
          "borderRadius": 0,
          "flex": 1,
          "height": 22,
          "marginLeft": 8,
          "opacity": 0.1,
          "width": undefined,
        }
      }
    >
      <View
        style={Object {}}
      />
    </View>
  </View>
</View>
`;
