// Jest Snapshot v1, https://goo.gl/fbAQLP

exports[`Test Skeleton-component should render correctly 1`] = `
<View
  collapsable={false}
  pointerEvents="box-none"
  style={
    Object {
      "flex": 1,
    }
  }
>
  <View
    style={
      Object {
        "backgroundColor": "#000000",
        "borderRadius": 0,
        "height": undefined,
        "opacity": 0.1,
        "width": undefined,
      }
    }
  >
    <View
      style={Object {}}
    />
  </View>
</View>
`;
