// Jest Snapshot v1, https://goo.gl/fbAQLP

exports[`Test ConnectDeviceScreen-component should render correctly 1`] = `
<View
  collapsable={false}
  pointerEvents="box-none"
  style={
    Object {
      "flex": 1,
    }
  }
>
  <RNCSafeAreaView
    edges={
      Array [
        "bottom",
        "left",
        "right",
        "top",
      ]
    }
    style={
      Array [
        Object {
          "height": "100%",
          "marginTop": 8,
          "width": "100%",
        },
        Object {
          "paddingHorizontal": 16,
        },
        undefined,
      ]
    }
    testID="DevicesScreen"
  >
    <Text
      style={
        Array [
          Object {
            "color": "#000000",
            "fontFamily": "System",
            "fontWeight": "400",
          },
          Object {
            "textAlign": "left",
          },
          Array [
            Object {
              "textAlign": "left",
            },
            Object {
              "color": "rgba(0, 0, 0, 0.87)",
              "fontFamily": "System",
              "fontWeight": "500",
              "writingDirection": "ltr",
            },
            Array [
              Object {
                "fontSize": 20,
                "letterSpacing": 0.15,
                "lineHeight": 30,
                "marginVertical": 2,
              },
              Object {
                "fontSize": 24,
                "fontWeight": "bold",
              },
            ],
          ],
        ]
      }
    >
      Select device
    </Text>
    <RCTScrollView
      style={
        Object {
          "marginTop": 16,
        }
      }
    >
      <View>
        <View
          accessibilityState={
            Object {
              "disabled": true,
            }
          }
          accessible={true}
          focusable={false}
          onClick={[Function]}
          onResponderGrant={[Function]}
          onResponderMove={[Function]}
          onResponderRelease={[Function]}
          onResponderTerminate={[Function]}
          onResponderTerminationRequest={[Function]}
          onStartShouldSetResponder={[Function]}
          style={
            Array [
              false,
              Array [
                Object {
                  "padding": 8,
                },
                Object {
                  "backgroundColor": "#fff",
                  "borderRadius": 15,
                },
              ],
            ]
          }
        >
          <View
            style={
              Object {
                "flexDirection": "row",
              }
            }
          >
            <View
              style={
                Array [
                  Object {
                    "backgroundColor": "rgba(0, 0, 0, 0.54)",
                    "borderRadius": 24,
                    "height": 48,
                    "width": 48,
                  },
                  Array [
                    Object {
                      "backgroundColor": "rgba(0, 0, 0, 0.54)",
                    },
                    Object {
                      "alignSelf": "center",
                    },
                  ],
                ]
              }
            >
              <Image
                source={
                  Object {
                    "testUri": "../../../assets/devices/femfit.png",
                  }
                }
                style={
                  Object {
                    "borderRadius": 24,
                    "height": 48,
                    "width": 48,
                  }
                }
              />
            </View>
            <View
              style={
                Array [
                  Object {
                    "marginVertical": 6,
                    "paddingLeft": 8,
                  },
                  Object {
                    "flex": 1,
                    "justifyContent": "center",
                  },
                ]
              }
            >
              <Text
                numberOfLines={1}
                selectable={false}
                style={
                  Array [
                    Object {
                      "color": "#000000",
                      "fontFamily": "System",
                      "fontWeight": "400",
                    },
                    Object {
                      "textAlign": "left",
                    },
                    Array [
                      Object {
                        "fontSize": 16,
                      },
                      Object {
                        "color": "rgba(0, 0, 0, 0.87)",
                      },
                      undefined,
                    ],
                  ]
                }
              >
                Femfit
              </Text>
              <Text
                numberOfLines={2}
                selectable={false}
                style={
                  Array [
                    Object {
                      "color": "#000000",
                      "fontFamily": "System",
                      "fontWeight": "400",
                    },
                    Object {
                      "textAlign": "left",
                    },
                    Array [
                      Object {
                        "fontSize": 14,
                      },
                      Object {
                        "color": "rgba(0, 0, 0, 0.54)",
                      },
                      undefined,
                    ],
                  ]
                }
              >
                Not connected
              </Text>
            </View>
            <View
              style={
                Object {
                  "alignSelf": "center",
                  "backgroundColor": "rgba(0, 0, 0, 0.12)",
                  "borderColor": "transparent",
                  "borderRadius": 15,
                  "borderStyle": "solid",
                  "borderWidth": 0,
                  "elevation": 0,
                  "minWidth": 64,
                  "shadowColor": "#000000",
                  "shadowOffset": Object {
                    "height": 0,
                    "width": 0,
                  },
                  "shadowOpacity": 0,
                  "shadowRadius": 0,
                }
              }
            >
              <View
                accessibilityRole="button"
                accessibilityState={
                  Object {
                    "disabled": true,
                  }
                }
                accessible={true}
                focusable={true}
                onClick={[Function]}
                onResponderGrant={[Function]}
                onResponderMove={[Function]}
                onResponderRelease={[Function]}
                onResponderTerminate={[Function]}
                onResponderTerminationRequest={[Function]}
                onStartShouldSetResponder={[Function]}
                style={
                  Array [
                    Object {
                      "overflow": "hidden",
                    },
                    Object {
                      "borderRadius": 15,
                    },
                  ]
                }
              >
                <View
                  style={
                    Array [
                      Object {
                        "alignItems": "center",
                        "flexDirection": "row",
                        "justifyContent": "center",
                      },
                      undefined,
                    ]
                  }
                >
                  <Text
                    numberOfLines={1}
                    selectable={false}
                    style={
                      Array [
                        Object {
                          "color": "#000000",
                          "fontFamily": "System",
                          "fontWeight": "400",
                        },
                        Object {
                          "textAlign": "left",
                        },
                        Array [
                          Object {
                            "letterSpacing": 1,
                            "marginHorizontal": 16,
                            "marginVertical": 9,
                            "textAlign": "center",
                          },
                          undefined,
                          Object {
                            "textTransform": "uppercase",
                          },
                          Object {
                            "color": "rgba(0, 0, 0, 0.32)",
                            "fontFamily": "System",
                            "fontWeight": "500",
                          },
                          Object {
                            "fontFamily": "System",
                            "fontWeight": "500",
                          },
                          undefined,
                        ],
                      ]
                    }
                  >
                    Select
                  </Text>
                </View>
              </View>
            </View>
          </View>
        </View>
      </View>
    </RCTScrollView>
  </RNCSafeAreaView>
</View>
`;
