// Jest Snapshot v1, https://goo.gl/fbAQLP

exports[`Test FemfitScreen-component should render correctly 1`] = `
<View
  collapsable={false}
  pointerEvents="box-none"
  style={
    Object {
      "flex": 1,
    }
  }
>
  <RNCSafeAreaView
    edges={
      Array [
        "bottom",
        "left",
        "right",
        "top",
      ]
    }
    style={
      Array [
        Object {
          "height": "100%",
          "marginTop": 8,
          "width": "100%",
        },
        Object {
          "paddingHorizontal": 16,
        },
        undefined,
      ]
    }
    testID="FemfitScreen"
  >
    <Text
      style={
        Array [
          Object {
            "color": "#000000",
            "fontFamily": "System",
            "fontWeight": "400",
          },
          Object {
            "textAlign": "left",
          },
          Array [
            Object {
              "textAlign": "left",
            },
            Object {
              "color": "rgba(0, 0, 0, 0.87)",
              "fontFamily": "System",
              "fontWeight": "500",
              "writingDirection": "ltr",
            },
            Array [
              Object {
                "fontSize": 20,
                "letterSpacing": 0.15,
                "lineHeight": 30,
                "marginVertical": 2,
              },
              Object {
                "fontSize": 24,
                "fontWeight": "bold",
              },
            ],
          ],
        ]
      }
    >
      Select exercise
    </Text>
    <RCTScrollView
      style={
        Object {
          "marginTop": 16,
        }
      }
    >
      <View>
        <View
          collapsable={false}
          nativeID="animatedComponent"
          style={
            Object {
              "backgroundColor": "#ffffff",
              "borderColor": "rgba(0, 0, 0, 0.12)",
              "borderRadius": 15,
              "elevation": 1,
              "marginBottom": 16,
              "shadowColor": "#000000",
              "shadowOffset": Object {
                "height": 0.5,
                "width": 0,
              },
              "shadowOpacity": 0.24,
              "shadowRadius": 0.75,
            }
          }
        >
          <View
            accessibilityState={
              Object {
                "disabled": true,
              }
            }
            accessible={true}
            focusable={false}
            onClick={[Function]}
            onResponderGrant={[Function]}
            onResponderMove={[Function]}
            onResponderRelease={[Function]}
            onResponderTerminate={[Function]}
            onResponderTerminationRequest={[Function]}
            onStartShouldSetResponder={[Function]}
            style={
              Object {
                "flexGrow": 1,
                "flexShrink": 1,
              }
            }
          >
            <View
              style={
                Array [
                  Object {
                    "paddingHorizontal": 16,
                  },
                  Object {
                    "paddingVertical": 16,
                  },
                  Object {
                    "padding": 0,
                    "paddingHorizontal": 4,
                    "paddingVertical": 4,
                  },
                ]
              }
            >
              <View
                style={
                  Array [
                    Object {
                      "alignItems": "center",
                      "flexDirection": "row",
                      "justifyContent": "space-between",
                      "paddingLeft": 16,
                    },
                    Object {
                      "minHeight": 72,
                    },
                    undefined,
                  ]
                }
              >
                <View
                  style={
                    Array [
                      Object {
                        "flex": 1,
                        "flexDirection": "column",
                        "justifyContent": "center",
                      },
                    ]
                  }
                >
                  <Text
                    numberOfLines={1}
                    style={
                      Array [
                        Object {
                          "color": "#000000",
                          "fontFamily": "System",
                          "fontWeight": "400",
                        },
                        Object {
                          "textAlign": "left",
                        },
                        Array [
                          Object {
                            "textAlign": "left",
                          },
                          Object {
                            "color": "rgba(0, 0, 0, 0.87)",
                            "fontFamily": "System",
                            "fontWeight": "500",
                            "writingDirection": "ltr",
                          },
                          Array [
                            Object {
                              "fontSize": 20,
                              "letterSpacing": 0.15,
                              "lineHeight": 30,
                              "marginVertical": 2,
                            },
                            Array [
                              Object {
                                "minHeight": 30,
                                "paddingRight": 16,
                              },
                              Object {
                                "marginBottom": 0,
                              },
                              undefined,
                            ],
                          ],
                        ],
                      ]
                    }
                  >
                    Exercise 1
                  </Text>
                  <Text
                    numberOfLines={2}
                    style={
                      Array [
                        Object {
                          "color": "#000000",
                          "fontFamily": "System",
                          "fontWeight": "400",
                        },
                        Object {
                          "textAlign": "left",
                        },
                        Array [
                          Object {
                            "textAlign": "left",
                          },
                          Object {
                            "color": "rgba(0, 0, 0, 0.54)",
                            "fontFamily": "System",
                            "fontWeight": "400",
                            "writingDirection": "ltr",
                          },
                          Array [
                            Object {
                              "fontSize": 12,
                              "letterSpacing": 0.4,
                              "lineHeight": 20,
                              "marginVertical": 2,
                            },
                            Array [
                              Object {
                                "marginVertical": 0,
                                "minHeight": 20,
                                "paddingRight": 16,
                              },
                              undefined,
                            ],
                          ],
                        ],
                      ]
                    }
                  >
                    Lorem ipsum dolor sit amet, consectetur adipiscing elit. Proin dictum vitae nibh id posuere. Integer varius ac dolor non bibendum. Pellentesque vestibulum aliquam tincidunt. Suspendisse congue lobortis risus, ac luctus sem suscipit sed. Ut et tincidunt lacus. Suspendisse placerat ornare velit vel lobortis. Cras sagittis arcu pulvinar, venenatis ex in, dictum sapien. Curabitur tempus felis eget arcu facilisis interdum
                  </Text>
                </View>
                <View />
              </View>
              <View
                style={
                  Array [
                    Object {
                      "alignItems": "center",
                      "flexDirection": "row",
                      "justifyContent": "flex-start",
                      "padding": 8,
                    },
                    Object {
                      "justifyContent": "space-between",
                      "marginTop": 4,
                    },
                  ]
                }
              >
                <View
                  style={
                    Object {
                      "backgroundColor": "transparent",
                      "borderColor": "transparent",
                      "borderRadius": 15,
                      "borderStyle": "solid",
                      "borderWidth": 0,
                      "elevation": 0,
                      "minWidth": "auto",
                      "shadowColor": "#000000",
                      "shadowOffset": Object {
                        "height": 0,
                        "width": 0,
                      },
                      "shadowOpacity": 0,
                      "shadowRadius": 0,
                    }
                  }
                >
                  <View
                    accessibilityRole="button"
                    accessibilityState={
                      Object {
                        "disabled": false,
                      }
                    }
                    accessible={true}
                    focusable={true}
                    onClick={[Function]}
                    onResponderGrant={[Function]}
                    onResponderMove={[Function]}
                    onResponderRelease={[Function]}
                    onResponderTerminate={[Function]}
                    onResponderTerminationRequest={[Function]}
                    onStartShouldSetResponder={[Function]}
                    style={
                      Array [
                        Object {
                          "overflow": "hidden",
                        },
                        Object {
                          "borderRadius": 15,
                        },
                      ]
                    }
                  >
                    <View
                      style={
                        Array [
                          Object {
                            "alignItems": "center",
                            "flexDirection": "row",
                            "justifyContent": "center",
                          },
                          undefined,
                        ]
                      }
                    >
                      <Text
                        numberOfLines={1}
                        selectable={false}
                        style={
                          Array [
                            Object {
                              "color": "#000000",
                              "fontFamily": "System",
                              "fontWeight": "400",
                            },
                            Object {
                              "textAlign": "left",
                            },
                            Array [
                              Object {
                                "letterSpacing": 1,
                                "marginHorizontal": 16,
                                "marginVertical": 9,
                                "textAlign": "center",
                              },
                              Object {
                                "marginHorizontal": 8,
                              },
                              Object {
                                "textTransform": "uppercase",
                              },
                              Object {
                                "color": "#00b0ff",
                                "fontFamily": "System",
                                "fontWeight": "500",
                              },
                              Object {
                                "fontFamily": "System",
                                "fontWeight": "500",
                              },
                              undefined,
                            ],
                          ]
                        }
                      >
                        Details
                      </Text>
                    </View>
                  </View>
                </View>
                <View
                  style={
                    Object {
                      "backgroundColor": "#00b0ff",
                      "borderColor": "transparent",
                      "borderRadius": 15,
                      "borderStyle": "solid",
                      "borderWidth": 0,
                      "elevation": 2,
                      "minWidth": "auto",
                      "shadowColor": "#000000",
                      "shadowOffset": Object {
                        "height": 0.75,
                        "width": 0,
                      },
                      "shadowOpacity": 0.24,
                      "shadowRadius": 1.5,
                    }
                  }
                >
                  <View
                    accessibilityRole="button"
                    accessibilityState={
                      Object {
                        "disabled": false,
                      }
                    }
                    accessible={true}
                    focusable={true}
                    onClick={[Function]}
                    onResponderGrant={[Function]}
                    onResponderMove={[Function]}
                    onResponderRelease={[Function]}
                    onResponderTerminate={[Function]}
                    onResponderTerminationRequest={[Function]}
                    onStartShouldSetResponder={[Function]}
                    style={
                      Array [
                        Object {
                          "overflow": "hidden",
                        },
                        Object {
                          "borderRadius": 15,
                        },
                      ]
                    }
                  >
                    <View
                      style={
                        Array [
                          Object {
                            "alignItems": "center",
                            "flexDirection": "row",
                            "justifyContent": "center",
                          },
                          undefined,
                        ]
                      }
                    >
                      <Text
                        numberOfLines={1}
                        selectable={false}
                        style={
                          Array [
                            Object {
                              "color": "#000000",
                              "fontFamily": "System",
                              "fontWeight": "400",
                            },
                            Object {
                              "textAlign": "left",
                            },
                            Array [
                              Object {
                                "letterSpacing": 1,
                                "marginHorizontal": 16,
                                "marginVertical": 9,
                                "textAlign": "center",
                              },
                              Object {
                                "marginHorizontal": 8,
                              },
                              Object {
                                "textTransform": "uppercase",
                              },
                              Object {
                                "color": "#000000",
                                "fontFamily": "System",
                                "fontWeight": "500",
                              },
                              Object {
                                "fontFamily": "System",
                                "fontWeight": "500",
                              },
                              undefined,
                            ],
                          ]
                        }
                      >
                        Start exercise
                      </Text>
                    </View>
                  </View>
                </View>
              </View>
            </View>
          </View>
        </View>
        <View
          collapsable={false}
          nativeID="animatedComponent"
          style={
            Object {
              "backgroundColor": "#ffffff",
              "borderColor": "rgba(0, 0, 0, 0.12)",
              "borderRadius": 15,
              "elevation": 1,
              "marginBottom": 16,
              "shadowColor": "#000000",
              "shadowOffset": Object {
                "height": 0.5,
                "width": 0,
              },
              "shadowOpacity": 0.24,
              "shadowRadius": 0.75,
            }
          }
        >
          <View
            accessibilityState={
              Object {
                "disabled": true,
              }
            }
            accessible={true}
            focusable={false}
            onClick={[Function]}
            onResponderGrant={[Function]}
            onResponderMove={[Function]}
            onResponderRelease={[Function]}
            onResponderTerminate={[Function]}
            onResponderTerminationRequest={[Function]}
            onStartShouldSetResponder={[Function]}
            style={
              Object {
                "flexGrow": 1,
                "flexShrink": 1,
              }
            }
          >
            <View
              style={
                Array [
                  Object {
                    "paddingHorizontal": 16,
                  },
                  Object {
                    "paddingVertical": 16,
                  },
                  Object {
                    "padding": 0,
                    "paddingHorizontal": 4,
                    "paddingVertical": 4,
                  },
                ]
              }
            >
              <View
                style={
                  Array [
                    Object {
                      "alignItems": "center",
                      "flexDirection": "row",
                      "justifyContent": "space-between",
                      "paddingLeft": 16,
                    },
                    Object {
                      "minHeight": 72,
                    },
                    undefined,
                  ]
                }
              >
                <View
                  style={
                    Array [
                      Object {
                        "flex": 1,
                        "flexDirection": "column",
                        "justifyContent": "center",
                      },
                    ]
                  }
                >
                  <Text
                    numberOfLines={1}
                    style={
                      Array [
                        Object {
                          "color": "#000000",
                          "fontFamily": "System",
                          "fontWeight": "400",
                        },
                        Object {
                          "textAlign": "left",
                        },
                        Array [
                          Object {
                            "textAlign": "left",
                          },
                          Object {
                            "color": "rgba(0, 0, 0, 0.87)",
                            "fontFamily": "System",
                            "fontWeight": "500",
                            "writingDirection": "ltr",
                          },
                          Array [
                            Object {
                              "fontSize": 20,
                              "letterSpacing": 0.15,
                              "lineHeight": 30,
                              "marginVertical": 2,
                            },
                            Array [
                              Object {
                                "minHeight": 30,
                                "paddingRight": 16,
                              },
                              Object {
                                "marginBottom": 0,
                              },
                              undefined,
                            ],
                          ],
                        ],
                      ]
                    }
                  >
                    Exercise 2
                  </Text>
                  <Text
                    numberOfLines={2}
                    style={
                      Array [
                        Object {
                          "color": "#000000",
                          "fontFamily": "System",
                          "fontWeight": "400",
                        },
                        Object {
                          "textAlign": "left",
                        },
                        Array [
                          Object {
                            "textAlign": "left",
                          },
                          Object {
                            "color": "rgba(0, 0, 0, 0.54)",
                            "fontFamily": "System",
                            "fontWeight": "400",
                            "writingDirection": "ltr",
                          },
                          Array [
                            Object {
                              "fontSize": 12,
                              "letterSpacing": 0.4,
                              "lineHeight": 20,
                              "marginVertical": 2,
                            },
                            Array [
                              Object {
                                "marginVertical": 0,
                                "minHeight": 20,
                                "paddingRight": 16,
                              },
                              undefined,
                            ],
                          ],
                        ],
                      ]
                    }
                  >
                    Lorem ipsum dolor sit amet, consectetur adipiscing elit. Proin dictum vitae nibh id posuere. Integer varius ac dolor non bibendum. Pellentesque vestibulum aliquam tincidunt. Suspendisse congue lobortis risus, ac luctus sem suscipit sed. Ut et tincidunt lacus. Suspendisse placerat ornare velit vel lobortis. Cras sagittis arcu pulvinar, venenatis ex in, dictum sapien. Curabitur tempus felis eget arcu facilisis interdum
                  </Text>
                </View>
                <View />
              </View>
              <View
                style={
                  Array [
                    Object {
                      "alignItems": "center",
                      "flexDirection": "row",
                      "justifyContent": "flex-start",
                      "padding": 8,
                    },
                    Object {
                      "justifyContent": "space-between",
                      "marginTop": 4,
                    },
                  ]
                }
              >
                <View
                  style={
                    Object {
                      "backgroundColor": "transparent",
                      "borderColor": "transparent",
                      "borderRadius": 15,
                      "borderStyle": "solid",
                      "borderWidth": 0,
                      "elevation": 0,
                      "minWidth": "auto",
                      "shadowColor": "#000000",
                      "shadowOffset": Object {
                        "height": 0,
                        "width": 0,
                      },
                      "shadowOpacity": 0,
                      "shadowRadius": 0,
                    }
                  }
                >
                  <View
                    accessibilityRole="button"
                    accessibilityState={
                      Object {
                        "disabled": false,
                      }
                    }
                    accessible={true}
                    focusable={true}
                    onClick={[Function]}
                    onResponderGrant={[Function]}
                    onResponderMove={[Function]}
                    onResponderRelease={[Function]}
                    onResponderTerminate={[Function]}
                    onResponderTerminationRequest={[Function]}
                    onStartShouldSetResponder={[Function]}
                    style={
                      Array [
                        Object {
                          "overflow": "hidden",
                        },
                        Object {
                          "borderRadius": 15,
                        },
                      ]
                    }
                  >
                    <View
                      style={
                        Array [
                          Object {
                            "alignItems": "center",
                            "flexDirection": "row",
                            "justifyContent": "center",
                          },
                          undefined,
                        ]
                      }
                    >
                      <Text
                        numberOfLines={1}
                        selectable={false}
                        style={
                          Array [
                            Object {
                              "color": "#000000",
                              "fontFamily": "System",
                              "fontWeight": "400",
                            },
                            Object {
                              "textAlign": "left",
                            },
                            Array [
                              Object {
                                "letterSpacing": 1,
                                "marginHorizontal": 16,
                                "marginVertical": 9,
                                "textAlign": "center",
                              },
                              Object {
                                "marginHorizontal": 8,
                              },
                              Object {
                                "textTransform": "uppercase",
                              },
                              Object {
                                "color": "#00b0ff",
                                "fontFamily": "System",
                                "fontWeight": "500",
                              },
                              Object {
                                "fontFamily": "System",
                                "fontWeight": "500",
                              },
                              undefined,
                            ],
                          ]
                        }
                      >
                        Details
                      </Text>
                    </View>
                  </View>
                </View>
                <View
                  style={
                    Object {
                      "backgroundColor": "#00b0ff",
                      "borderColor": "transparent",
                      "borderRadius": 15,
                      "borderStyle": "solid",
                      "borderWidth": 0,
                      "elevation": 2,
                      "minWidth": "auto",
                      "shadowColor": "#000000",
                      "shadowOffset": Object {
                        "height": 0.75,
                        "width": 0,
                      },
                      "shadowOpacity": 0.24,
                      "shadowRadius": 1.5,
                    }
                  }
                >
                  <View
                    accessibilityRole="button"
                    accessibilityState={
                      Object {
                        "disabled": false,
                      }
                    }
                    accessible={true}
                    focusable={true}
                    onClick={[Function]}
                    onResponderGrant={[Function]}
                    onResponderMove={[Function]}
                    onResponderRelease={[Function]}
                    onResponderTerminate={[Function]}
                    onResponderTerminationRequest={[Function]}
                    onStartShouldSetResponder={[Function]}
                    style={
                      Array [
                        Object {
                          "overflow": "hidden",
                        },
                        Object {
                          "borderRadius": 15,
                        },
                      ]
                    }
                  >
                    <View
                      style={
                        Array [
                          Object {
                            "alignItems": "center",
                            "flexDirection": "row",
                            "justifyContent": "center",
                          },
                          undefined,
                        ]
                      }
                    >
                      <Text
                        numberOfLines={1}
                        selectable={false}
                        style={
                          Array [
                            Object {
                              "color": "#000000",
                              "fontFamily": "System",
                              "fontWeight": "400",
                            },
                            Object {
                              "textAlign": "left",
                            },
                            Array [
                              Object {
                                "letterSpacing": 1,
                                "marginHorizontal": 16,
                                "marginVertical": 9,
                                "textAlign": "center",
                              },
                              Object {
                                "marginHorizontal": 8,
                              },
                              Object {
                                "textTransform": "uppercase",
                              },
                              Object {
                                "color": "#000000",
                                "fontFamily": "System",
                                "fontWeight": "500",
                              },
                              Object {
                                "fontFamily": "System",
                                "fontWeight": "500",
                              },
                              undefined,
                            ],
                          ]
                        }
                      >
                        Start exercise
                      </Text>
                    </View>
                  </View>
                </View>
              </View>
            </View>
          </View>
        </View>
      </View>
    </RCTScrollView>
  </RNCSafeAreaView>
</View>
`;
