// Jest Snapshot v1, https://goo.gl/fbAQLP

exports[`Test Header-component should render correctly 1`] = `
<View
  collapsable={false}
  pointerEvents="box-none"
  style={
    Object {
      "flex": 1,
    }
  }
>
  <View
    style={
      Array [
        Object {
          "alignItems": "center",
          "flexDirection": "row",
          "justifyContent": "space-between",
          "paddingHorizontal": 8,
          "zIndex": 1000,
        },
        Object {
          "backgroundColor": "#ffffff",
          "height": 50,
        },
      ]
    }
  >
    <View
      style={
        Object {
          "alignItems": "center",
          "flexDirection": "row",
        }
      }
    >
      <Text
        style={
          Array [
            Object {
              "color": "#000000",
              "fontFamily": "System",
              "fontWeight": "400",
            },
            Object {
              "textAlign": "left",
            },
            Object {
              "fontSize": 20,
              "fontWeight": "bold",
            },
          ]
        }
      >
        10
      </Text>
      <Image
        resizeMode="stretch"
        source={
          Object {
            "testUri": "../../../assets/femfit/gold.png",
          }
        }
        style={
          Object {
            "height": 25,
            "marginLeft": 8,
            "width": 25,
          }
        }
      />
    </View>
    <View>
      <RNGestureHandlerButton
        collapsable={false}
        delayLongPress={600}
        enabled={true}
        exclusive={true}
        handlerTag={1}
        handlerType="NativeViewGestureHandler"
        onGestureEvent={[Function]}
        onGestureHandlerEvent={[Function]}
        onGestureHandlerStateChange={[Function]}
        onHandlerStateChange={[Function]}
        rippleColor={0}
        touchSoundDisabled={false}
      >
        <View
          accessible={true}
          collapsable={false}
          nativeID="animatedComponent"
          style={
            Object {
              "opacity": 1,
            }
          }
        >
          <Text
            allowFontScaling={false}
            selectable={false}
            style={
              Array [
                Object {
                  "color": "#00b0ff",
                  "fontSize": 28,
                },
                Array [
                  Object {
                    "alignSelf": "center",
                  },
                  undefined,
                ],
                Object {
                  "fontFamily": "Material Design Icons",
                  "fontStyle": "normal",
                  "fontWeight": "normal",
                },
                Object {},
              ]
            }
          >
            Û∞çú
          </Text>
        </View>
      </RNGestureHandlerButton>
    </View>
  </View>
</View>
`;
