// Jest Snapshot v1, https://goo.gl/fbAQLP

exports[`Test Graph header renders correctly 1`] = `
<div
  className="chakra-stack css-1oeb4ru"
>
  <div
    className="chakra-stack css-he6z7n"
  >
    <div
      className="chakra-stack css-84zodg"
    >
      <div
        className="chakra-stack css-x09s84"
      >
        <p
          className="chakra-text css-1lgbcr5"
        >
          Date of exercise
          :
        </p>
        <div
          className="chakra-stack css-64a7jp"
        >
          <p
            className="chakra-text css-16h254d"
          >
            Jan 1, 1970 1:20 AM
          </p>
        </div>
      </div>
    </div>
    <div
      className="chakra-stack css-84zodg"
    >
      <div
        className="chakra-stack css-x09s84"
      >
        <p
          className="chakra-text css-1lgbcr5"
        >
          Device
          :
        </p>
        <div
          className="chakra-stack css-64a7jp"
        >
          <svg
            className="chakra-icon css-1neie3l"
            fill="currentColor"
            focusable={false}
            height="1em"
            stroke="currentColor"
            strokeWidth="0"
            style={
              Object {
                "color": undefined,
              }
            }
            viewBox="0 0 24 24"
            width="1em"
            xmlns="http://www.w3.org/2000/svg"
          >
            <path
              d="M0 0h24v24H0z"
              fill="none"
            />
            <path
              d="M8 23h8v-2H8v2zm8-21.99L8 1c-1.1 0-2 .9-2 2v14c0 1.1.9 2 2 2h8c1.1 0 2-.9 2-2V3c0-1.1-.9-1.99-2-1.99zM16 15H8V5h8v10z"
            />
          </svg>
          <p
            className="chakra-text css-16h254d"
          >
            Femfit
          </p>
        </div>
      </div>
    </div>
    <div
      className="chakra-stack css-84zodg"
    >
      <div
        className="chakra-stack css-x09s84"
      >
        <p
          className="chakra-text css-1lgbcr5"
        >
          Duration
          :
        </p>
        <div
          className="chakra-stack css-64a7jp"
        >
          <svg
            className="chakra-icon css-1neie3l"
            fill="currentColor"
            focusable={false}
            height="1em"
            stroke="currentColor"
            strokeWidth="0"
            style={
              Object {
                "color": undefined,
              }
            }
            viewBox="0 0 24 24"
            width="1em"
            xmlns="http://www.w3.org/2000/svg"
          >
            <path
              d="M0 0h24v24H0z"
              fill="none"
            />
            <path
              d="M12 2C6.5 2 2 6.5 2 12s4.5 10 10 10 10-4.5 10-10S17.5 2 12 2zm0 18c-4.41 0-8-3.59-8-8s3.59-8 8-8 8 3.59 8 8-3.59 8-8 8zm.5-13H11v6l5.2 3.2.8-1.3-4.5-2.7V7z"
            />
          </svg>
          <p
            className="chakra-text css-16h254d"
          >
            00:00:01
          </p>
        </div>
      </div>
    </div>
  </div>
  <div
    className="chakra-stack css-1sigv9r"
  >
    <button
      aria-label="Open graph settings"
      className="chakra-button css-dlvuv7"
      onClick={[Function]}
      type="button"
    >
      <svg
        aria-hidden={true}
        fill="currentColor"
        focusable={false}
        height="1em"
        stroke="currentColor"
        strokeWidth="0"
        style={
          Object {
            "color": undefined,
          }
        }
        viewBox="0 0 24 24"
        width="1em"
        xmlns="http://www.w3.org/2000/svg"
      >
        <path
          d="M0 0h24v24H0V0z"
          fill="none"
        />
        <path
          d="M19.14 12.94c.04-.3.06-.61.06-.94 0-.32-.02-.64-.07-.94l2.03-1.58a.49.49 0 00.12-.61l-1.92-3.32a.488.488 0 00-.59-.22l-2.39.96c-.5-.38-1.03-.7-1.62-.94l-.36-2.54a.484.484 0 00-.48-.41h-3.84c-.24 0-.43.17-.47.41l-.36 2.54c-.59.24-1.13.57-1.62.94l-2.39-.96c-.22-.08-.47 0-.59.22L2.74 8.87c-.12.21-.08.47.12.61l2.03 1.58c-.05.3-.09.63-.09.94s.02.64.07.94l-2.03 1.58a.49.49 0 00-.12.61l1.92 3.32c.12.22.37.29.59.22l2.39-.96c.5.38 1.03.7 1.62.94l.36 2.54c.05.24.24.41.48.41h3.84c.24 0 .44-.17.47-.41l.36-2.54c.59-.24 1.13-.56 1.62-.94l2.39.96c.22.08.47 0 .59-.22l1.92-3.32c.12-.22.07-.47-.12-.61l-2.01-1.58zM12 15.6c-1.98 0-3.6-1.62-3.6-3.6s1.62-3.6 3.6-3.6 3.6 1.62 3.6 3.6-1.62 3.6-3.6 3.6z"
        />
      </svg>
    </button>
    <a
      download="femfit_id.csv"
      href="data:text/csv;charset=utf-8,s1,s2,s3%0A132,1,2,3%0A1233,1,2,3"
      onBlur={[Function]}
      onClick={[Function]}
      onFocus={[Function]}
      onPointerDown={[Function]}
      onPointerEnter={[Function]}
      rel="noreferrer"
      target="_blank"
    >
      <button
        aria-label="Download exercise data"
        className="chakra-button css-dlvuv7"
        type="button"
      >
        <svg
          aria-hidden={true}
          fill="currentColor"
          focusable={false}
          height="1em"
          stroke="currentColor"
          strokeWidth="0"
          style={
            Object {
              "color": undefined,
            }
          }
          viewBox="0 0 24 24"
          width="1em"
          xmlns="http://www.w3.org/2000/svg"
        >
          <path
            d="M0 0h24v24H0z"
            fill="none"
          />
          <path
            d="M5 20h14v-2H5v2zM19 9h-4V3H9v6H5l7 7 7-7z"
          />
        </svg>
      </button>
    </a>
  </div>
</div>
`;
