// Jest Snapshot v1, https://goo.gl/fbAQLP

exports[`Test graph options modal renders correctly 1`] = `null`;
