// Jest Snapshot v1, https://goo.gl/fbAQLP

exports[`Test excercise renders correctly 1`] = `null`;
