// Jest Snapshot v1, https://goo.gl/fbAQLP

exports[`Test withAppWrapper-hoc should render correctly 1`] = `
<p
  className="chakra-text css-0"
/>
`;
