// Jest Snapshot v1, https://goo.gl/fbAQLP

exports[`Test withThemedNavigation-hoc should render correctly 1`] = `
<View
  collapsable={false}
  pointerEvents="box-none"
  style={
    Object {
      "flex": 1,
    }
  }
>
  <View
    testID="MockComponent"
  />
</View>
`;
