// Jest Snapshot v1, https://goo.gl/fbAQLP

exports[`Test card renders correctly 1`] = `
<div
  align="center"
  className="css-190jc56"
  justify="center"
>
  <div
    className="chakra-skeleton css-1i0luk8"
  />
</div>
`;
