// Jest Snapshot v1, https://goo.gl/fbAQLP

exports[`Test layout renders correctly 1`] = `null`;
