// Jest Snapshot v1, https://goo.gl/fbAQLP

exports[`Test logo renders correctly 1`] = `
<h1
  className="chakra-heading css-1hss139"
>
  <span
    style={
      Object {
        "fontWeight": "600",
      }
    }
  >
    NTNU
  </span>
   Physiotherapy
</h1>
`;
