// Jest Snapshot v1, https://goo.gl/fbAQLP

exports[`Test Sidebar renders correctly closed 1`] = `
<div
  className="css-1pd7rvq"
>
  <div
    className="chakra-offset-slide"
    style={
      Object {
        "opacity": 0,
        "transform": "scale(0.95) translateZ(0)",
      }
    }
  >
    <div
      className="css-o5g2qp"
    >
      <h1
        className="chakra-heading css-1hss139"
      >
        <span
          style={
            Object {
              "fontWeight": "600",
            }
          }
        >
          NTNU
        </span>
         Physiotherapy
      </h1>
    </div>
    <hr
      aria-orientation="horizontal"
      className="chakra-divider css-1x4iw6"
    />
    <div
      className="chakra-stack css-7nrznn"
    >
      <div
        className="css-1drbkg9"
      >
        <div
          className="chakra-wrap css-i6bazn"
        >
          <ul
            className="chakra-wrap__list css-wah4g8"
          >
            <li
              className="chakra-wrap__listitem css-70qvj9"
            >
              <span
                className="chakra-avatar css-ew7jl2"
              >
                <div
                  aria-label="ola Nordmann"
                  className="chakra-avatar__initials css-0"
                  role="img"
                >
                  oN
                </div>
              </span>
              <p
                className="chakra-text css-zyu9tc"
              >
                ola Nordmann
              </p>
            </li>
          </ul>
        </div>
      </div>
      <hr
        aria-orientation="horizontal"
        className="chakra-divider css-1x4iw6"
      />
      <p
        className="chakra-text css-199kdpe"
      >
        Dashboard
      </p>
      <div
        className="chakra-stack css-dc66xy"
      >
        <svg
          className="chakra-icon css-1ishsh0"
          fill="currentColor"
          focusable={false}
          height="1em"
          stroke="currentColor"
          strokeWidth="0"
          style={
            Object {
              "color": undefined,
            }
          }
          viewBox="0 0 1024 1024"
          width="1em"
          xmlns="http://www.w3.org/2000/svg"
        >
          <path
            d="M824.2 699.9a301.55 301.55 0 0 0-86.4-60.4C783.1 602.8 812 546.8 812 484c0-110.8-92.4-201.7-203.2-200-109.1 1.7-197 90.6-197 200 0 62.8 29 118.8 74.2 155.5a300.95 300.95 0 0 0-86.4 60.4C345 754.6 314 826.8 312 903.8a8 8 0 0 0 8 8.2h56c4.3 0 7.9-3.4 8-7.7 1.9-58 25.4-112.3 66.7-153.5A226.62 226.62 0 0 1 612 684c60.9 0 118.2 23.7 161.3 66.8C814.5 792 838 846.3 840 904.3c.1 4.3 3.7 7.7 8 7.7h56a8 8 0 0 0 8-8.2c-2-77-33-149.2-87.8-203.9zM612 612c-34.2 0-66.4-13.3-90.5-37.5a126.86 126.86 0 0 1-37.5-91.8c.3-32.8 13.4-64.5 36.3-88 24-24.6 56.1-38.3 90.4-38.7 33.9-.3 66.8 12.9 91 36.6 24.8 24.3 38.4 56.8 38.4 91.4 0 34.2-13.3 66.3-37.5 90.5A127.3 127.3 0 0 1 612 612zM361.5 510.4c-.9-8.7-1.4-17.5-1.4-26.4 0-15.9 1.5-31.4 4.3-46.5.7-3.6-1.2-7.3-4.5-8.8-13.6-6.1-26.1-14.5-36.9-25.1a127.54 127.54 0 0 1-38.7-95.4c.9-32.1 13.8-62.6 36.3-85.6 24.7-25.3 57.9-39.1 93.2-38.7 31.9.3 62.7 12.6 86 34.4 7.9 7.4 14.7 15.6 20.4 24.4 2 3.1 5.9 4.4 9.3 3.2 17.6-6.1 36.2-10.4 55.3-12.4 5.6-.6 8.8-6.6 6.3-11.6-32.5-64.3-98.9-108.7-175.7-109.9-110.9-1.7-203.3 89.2-203.3 199.9 0 62.8 28.9 118.8 74.2 155.5-31.8 14.7-61.1 35-86.5 60.4-54.8 54.7-85.8 126.9-87.8 204a8 8 0 0 0 8 8.2h56.1c4.3 0 7.9-3.4 8-7.7 1.9-58 25.4-112.3 66.7-153.5 29.4-29.4 65.4-49.8 104.7-59.7 3.9-1 6.5-4.7 6-8.7z"
          />
        </svg>
        <a
          href="/"
          onClick={[Function]}
        >
          <p
            className="chakra-text css-1cdoqzz"
          >
            Patients
          </p>
        </a>
      </div>
      <div
        className="chakra-stack css-dc66xy"
      >
        <svg
          className="chakra-icon css-1ishsh0"
          fill="currentColor"
          focusable={false}
          height="1em"
          stroke="currentColor"
          strokeWidth="0"
          style={
            Object {
              "color": undefined,
            }
          }
          viewBox="0 0 1024 1024"
          width="1em"
          xmlns="http://www.w3.org/2000/svg"
        >
          <path
            d="M880 112H144c-17.7 0-32 14.3-32 32v736c0 17.7 14.3 32 32 32h736c17.7 0 32-14.3 32-32V144c0-17.7-14.3-32-32-32zm-40 728H184V184h656v656zM492 400h184c4.4 0 8-3.6 8-8v-48c0-4.4-3.6-8-8-8H492c-4.4 0-8 3.6-8 8v48c0 4.4 3.6 8 8 8zm0 144h184c4.4 0 8-3.6 8-8v-48c0-4.4-3.6-8-8-8H492c-4.4 0-8 3.6-8 8v48c0 4.4 3.6 8 8 8zm0 144h184c4.4 0 8-3.6 8-8v-48c0-4.4-3.6-8-8-8H492c-4.4 0-8 3.6-8 8v48c0 4.4 3.6 8 8 8zM340 368a40 40 0 1 0 80 0 40 40 0 1 0-80 0zm0 144a40 40 0 1 0 80 0 40 40 0 1 0-80 0zm0 144a40 40 0 1 0 80 0 40 40 0 1 0-80 0z"
          />
        </svg>
        <a
          href="/not-implemented"
          onClick={[Function]}
        >
          <p
            className="chakra-text css-1cdoqzz"
          >
            Edit Questionnaires
          </p>
        </a>
      </div>
      <div
        className="chakra-stack css-dc66xy"
      >
        <svg
          className="chakra-icon css-1ishsh0"
          fill="currentColor"
          focusable={false}
          height="1em"
          stroke="currentColor"
          strokeWidth="0"
          style={
            Object {
              "color": undefined,
            }
          }
          viewBox="0 0 1024 1024"
          width="1em"
          xmlns="http://www.w3.org/2000/svg"
        >
          <path
            d="M917 211.1l-199.2 24c-6.6.8-9.4 8.9-4.7 13.6l59.3 59.3-226 226-101.8-101.7c-6.3-6.3-16.4-6.2-22.6 0L100.3 754.1a8.03 8.03 0 0 0 0 11.3l45 45.2c3.1 3.1 8.2 3.1 11.3 0L433.3 534 535 635.7c6.3 6.2 16.4 6.2 22.6 0L829 364.5l59.3 59.3a8.01 8.01 0 0 0 13.6-4.7l24-199.2c.7-5.1-3.7-9.5-8.9-8.8z"
          />
        </svg>
        <a
          href="/not-implemented"
          onClick={[Function]}
        >
          <p
            className="chakra-text css-1cdoqzz"
          >
            Edit Exercises
          </p>
        </a>
      </div>
      <div
        className="chakra-stack css-dc66xy"
      >
        <svg
          className="chakra-icon css-1ishsh0"
          fill="currentColor"
          focusable={false}
          height="1em"
          stroke="currentColor"
          strokeWidth="0"
          style={
            Object {
              "color": undefined,
            }
          }
          viewBox="0 0 1024 1024"
          width="1em"
          xmlns="http://www.w3.org/2000/svg"
        >
          <path
            d="M924.8 625.7l-65.5-56c3.1-19 4.7-38.4 4.7-57.8s-1.6-38.8-4.7-57.8l65.5-56a32.03 32.03 0 0 0 9.3-35.2l-.9-2.6a443.74 443.74 0 0 0-79.7-137.9l-1.8-2.1a32.12 32.12 0 0 0-35.1-9.5l-81.3 28.9c-30-24.6-63.5-44-99.7-57.6l-15.7-85a32.05 32.05 0 0 0-25.8-25.7l-2.7-.5c-52.1-9.4-106.9-9.4-159 0l-2.7.5a32.05 32.05 0 0 0-25.8 25.7l-15.8 85.4a351.86 351.86 0 0 0-99 57.4l-81.9-29.1a32 32 0 0 0-35.1 9.5l-1.8 2.1a446.02 446.02 0 0 0-79.7 137.9l-.9 2.6c-4.5 12.5-.8 26.5 9.3 35.2l66.3 56.6c-3.1 18.8-4.6 38-4.6 57.1 0 19.2 1.5 38.4 4.6 57.1L99 625.5a32.03 32.03 0 0 0-9.3 35.2l.9 2.6c18.1 50.4 44.9 96.9 79.7 137.9l1.8 2.1a32.12 32.12 0 0 0 35.1 9.5l81.9-29.1c29.8 24.5 63.1 43.9 99 57.4l15.8 85.4a32.05 32.05 0 0 0 25.8 25.7l2.7.5a449.4 449.4 0 0 0 159 0l2.7-.5a32.05 32.05 0 0 0 25.8-25.7l15.7-85a350 350 0 0 0 99.7-57.6l81.3 28.9a32 32 0 0 0 35.1-9.5l1.8-2.1c34.8-41.1 61.6-87.5 79.7-137.9l.9-2.6c4.5-12.3.8-26.3-9.3-35zM788.3 465.9c2.5 15.1 3.8 30.6 3.8 46.1s-1.3 31-3.8 46.1l-6.6 40.1 74.7 63.9a370.03 370.03 0 0 1-42.6 73.6L721 702.8l-31.4 25.8c-23.9 19.6-50.5 35-79.3 45.8l-38.1 14.3-17.9 97a377.5 377.5 0 0 1-85 0l-17.9-97.2-37.8-14.5c-28.5-10.8-55-26.2-78.7-45.7l-31.4-25.9-93.4 33.2c-17-22.9-31.2-47.6-42.6-73.6l75.5-64.5-6.5-40c-2.4-14.9-3.7-30.3-3.7-45.5 0-15.3 1.2-30.6 3.7-45.5l6.5-40-75.5-64.5c11.3-26.1 25.6-50.7 42.6-73.6l93.4 33.2 31.4-25.9c23.7-19.5 50.2-34.9 78.7-45.7l37.9-14.3 17.9-97.2c28.1-3.2 56.8-3.2 85 0l17.9 97 38.1 14.3c28.7 10.8 55.4 26.2 79.3 45.8l31.4 25.8 92.8-32.9c17 22.9 31.2 47.6 42.6 73.6L781.8 426l6.5 39.9zM512 326c-97.2 0-176 78.8-176 176s78.8 176 176 176 176-78.8 176-176-78.8-176-176-176zm79.2 255.2A111.6 111.6 0 0 1 512 614c-29.9 0-58-11.7-79.2-32.8A111.6 111.6 0 0 1 400 502c0-29.9 11.7-58 32.8-79.2C454 401.6 482.1 390 512 390c29.9 0 58 11.6 79.2 32.8A111.6 111.6 0 0 1 624 502c0 29.9-11.7 58-32.8 79.2z"
          />
        </svg>
        <a
          href="/not-implemented"
          onClick={[Function]}
        >
          <p
            className="chakra-text css-1cdoqzz"
          >
            Settings
          </p>
        </a>
      </div>
      <hr
        aria-orientation="horizontal"
        className="chakra-divider css-1x4iw6"
      />
    </div>
    <div
      className="chakra-stack css-4id5c9"
    >
      <button
        className="chakra-button css-1qzaohp"
        onClick={[Function]}
        type="button"
      >
        Sign out
      </button>
    </div>
  </div>
</div>
`;

exports[`Test Sidebar renders correctly open 1`] = `
<div
  className="css-181tdt9"
>
  <div
    className="chakra-offset-slide"
    style={
      Object {
        "opacity": 0,
        "transform": "scale(0.95) translateZ(0)",
      }
    }
  >
    <div
      className="css-o5g2qp"
    >
      <h1
        className="chakra-heading css-1hss139"
      >
        <span
          style={
            Object {
              "fontWeight": "600",
            }
          }
        >
          NTNU
        </span>
         Physiotherapy
      </h1>
    </div>
    <hr
      aria-orientation="horizontal"
      className="chakra-divider css-1x4iw6"
    />
    <div
      className="chakra-stack css-7nrznn"
    >
      <div
        className="css-1drbkg9"
      >
        <div
          className="chakra-wrap css-i6bazn"
        >
          <ul
            className="chakra-wrap__list css-wah4g8"
          >
            <li
              className="chakra-wrap__listitem css-70qvj9"
            >
              <span
                className="chakra-avatar css-ew7jl2"
              >
                <div
                  aria-label="ola Nordmann"
                  className="chakra-avatar__initials css-0"
                  role="img"
                >
                  oN
                </div>
              </span>
              <p
                className="chakra-text css-zyu9tc"
              >
                ola Nordmann
              </p>
            </li>
          </ul>
        </div>
      </div>
      <hr
        aria-orientation="horizontal"
        className="chakra-divider css-1x4iw6"
      />
      <p
        className="chakra-text css-199kdpe"
      >
        Dashboard
      </p>
      <div
        className="chakra-stack css-dc66xy"
      >
        <svg
          className="chakra-icon css-1ishsh0"
          fill="currentColor"
          focusable={false}
          height="1em"
          stroke="currentColor"
          strokeWidth="0"
          style={
            Object {
              "color": undefined,
            }
          }
          viewBox="0 0 1024 1024"
          width="1em"
          xmlns="http://www.w3.org/2000/svg"
        >
          <path
            d="M824.2 699.9a301.55 301.55 0 0 0-86.4-60.4C783.1 602.8 812 546.8 812 484c0-110.8-92.4-201.7-203.2-200-109.1 1.7-197 90.6-197 200 0 62.8 29 118.8 74.2 155.5a300.95 300.95 0 0 0-86.4 60.4C345 754.6 314 826.8 312 903.8a8 8 0 0 0 8 8.2h56c4.3 0 7.9-3.4 8-7.7 1.9-58 25.4-112.3 66.7-153.5A226.62 226.62 0 0 1 612 684c60.9 0 118.2 23.7 161.3 66.8C814.5 792 838 846.3 840 904.3c.1 4.3 3.7 7.7 8 7.7h56a8 8 0 0 0 8-8.2c-2-77-33-149.2-87.8-203.9zM612 612c-34.2 0-66.4-13.3-90.5-37.5a126.86 126.86 0 0 1-37.5-91.8c.3-32.8 13.4-64.5 36.3-88 24-24.6 56.1-38.3 90.4-38.7 33.9-.3 66.8 12.9 91 36.6 24.8 24.3 38.4 56.8 38.4 91.4 0 34.2-13.3 66.3-37.5 90.5A127.3 127.3 0 0 1 612 612zM361.5 510.4c-.9-8.7-1.4-17.5-1.4-26.4 0-15.9 1.5-31.4 4.3-46.5.7-3.6-1.2-7.3-4.5-8.8-13.6-6.1-26.1-14.5-36.9-25.1a127.54 127.54 0 0 1-38.7-95.4c.9-32.1 13.8-62.6 36.3-85.6 24.7-25.3 57.9-39.1 93.2-38.7 31.9.3 62.7 12.6 86 34.4 7.9 7.4 14.7 15.6 20.4 24.4 2 3.1 5.9 4.4 9.3 3.2 17.6-6.1 36.2-10.4 55.3-12.4 5.6-.6 8.8-6.6 6.3-11.6-32.5-64.3-98.9-108.7-175.7-109.9-110.9-1.7-203.3 89.2-203.3 199.9 0 62.8 28.9 118.8 74.2 155.5-31.8 14.7-61.1 35-86.5 60.4-54.8 54.7-85.8 126.9-87.8 204a8 8 0 0 0 8 8.2h56.1c4.3 0 7.9-3.4 8-7.7 1.9-58 25.4-112.3 66.7-153.5 29.4-29.4 65.4-49.8 104.7-59.7 3.9-1 6.5-4.7 6-8.7z"
          />
        </svg>
        <a
          href="/"
          onClick={[Function]}
        >
          <p
            className="chakra-text css-1cdoqzz"
          >
            Patients
          </p>
        </a>
      </div>
      <div
        className="chakra-stack css-dc66xy"
      >
        <svg
          className="chakra-icon css-1ishsh0"
          fill="currentColor"
          focusable={false}
          height="1em"
          stroke="currentColor"
          strokeWidth="0"
          style={
            Object {
              "color": undefined,
            }
          }
          viewBox="0 0 1024 1024"
          width="1em"
          xmlns="http://www.w3.org/2000/svg"
        >
          <path
            d="M880 112H144c-17.7 0-32 14.3-32 32v736c0 17.7 14.3 32 32 32h736c17.7 0 32-14.3 32-32V144c0-17.7-14.3-32-32-32zm-40 728H184V184h656v656zM492 400h184c4.4 0 8-3.6 8-8v-48c0-4.4-3.6-8-8-8H492c-4.4 0-8 3.6-8 8v48c0 4.4 3.6 8 8 8zm0 144h184c4.4 0 8-3.6 8-8v-48c0-4.4-3.6-8-8-8H492c-4.4 0-8 3.6-8 8v48c0 4.4 3.6 8 8 8zm0 144h184c4.4 0 8-3.6 8-8v-48c0-4.4-3.6-8-8-8H492c-4.4 0-8 3.6-8 8v48c0 4.4 3.6 8 8 8zM340 368a40 40 0 1 0 80 0 40 40 0 1 0-80 0zm0 144a40 40 0 1 0 80 0 40 40 0 1 0-80 0zm0 144a40 40 0 1 0 80 0 40 40 0 1 0-80 0z"
          />
        </svg>
        <a
          href="/not-implemented"
          onClick={[Function]}
        >
          <p
            className="chakra-text css-1cdoqzz"
          >
            Edit Questionnaires
          </p>
        </a>
      </div>
      <div
        className="chakra-stack css-dc66xy"
      >
        <svg
          className="chakra-icon css-1ishsh0"
          fill="currentColor"
          focusable={false}
          height="1em"
          stroke="currentColor"
          strokeWidth="0"
          style={
            Object {
              "color": undefined,
            }
          }
          viewBox="0 0 1024 1024"
          width="1em"
          xmlns="http://www.w3.org/2000/svg"
        >
          <path
            d="M917 211.1l-199.2 24c-6.6.8-9.4 8.9-4.7 13.6l59.3 59.3-226 226-101.8-101.7c-6.3-6.3-16.4-6.2-22.6 0L100.3 754.1a8.03 8.03 0 0 0 0 11.3l45 45.2c3.1 3.1 8.2 3.1 11.3 0L433.3 534 535 635.7c6.3 6.2 16.4 6.2 22.6 0L829 364.5l59.3 59.3a8.01 8.01 0 0 0 13.6-4.7l24-199.2c.7-5.1-3.7-9.5-8.9-8.8z"
          />
        </svg>
        <a
          href="/not-implemented"
          onClick={[Function]}
        >
          <p
            className="chakra-text css-1cdoqzz"
          >
            Edit Exercises
          </p>
        </a>
      </div>
      <div
        className="chakra-stack css-dc66xy"
      >
        <svg
          className="chakra-icon css-1ishsh0"
          fill="currentColor"
          focusable={false}
          height="1em"
          stroke="currentColor"
          strokeWidth="0"
          style={
            Object {
              "color": undefined,
            }
          }
          viewBox="0 0 1024 1024"
          width="1em"
          xmlns="http://www.w3.org/2000/svg"
        >
          <path
            d="M924.8 625.7l-65.5-56c3.1-19 4.7-38.4 4.7-57.8s-1.6-38.8-4.7-57.8l65.5-56a32.03 32.03 0 0 0 9.3-35.2l-.9-2.6a443.74 443.74 0 0 0-79.7-137.9l-1.8-2.1a32.12 32.12 0 0 0-35.1-9.5l-81.3 28.9c-30-24.6-63.5-44-99.7-57.6l-15.7-85a32.05 32.05 0 0 0-25.8-25.7l-2.7-.5c-52.1-9.4-106.9-9.4-159 0l-2.7.5a32.05 32.05 0 0 0-25.8 25.7l-15.8 85.4a351.86 351.86 0 0 0-99 57.4l-81.9-29.1a32 32 0 0 0-35.1 9.5l-1.8 2.1a446.02 446.02 0 0 0-79.7 137.9l-.9 2.6c-4.5 12.5-.8 26.5 9.3 35.2l66.3 56.6c-3.1 18.8-4.6 38-4.6 57.1 0 19.2 1.5 38.4 4.6 57.1L99 625.5a32.03 32.03 0 0 0-9.3 35.2l.9 2.6c18.1 50.4 44.9 96.9 79.7 137.9l1.8 2.1a32.12 32.12 0 0 0 35.1 9.5l81.9-29.1c29.8 24.5 63.1 43.9 99 57.4l15.8 85.4a32.05 32.05 0 0 0 25.8 25.7l2.7.5a449.4 449.4 0 0 0 159 0l2.7-.5a32.05 32.05 0 0 0 25.8-25.7l15.7-85a350 350 0 0 0 99.7-57.6l81.3 28.9a32 32 0 0 0 35.1-9.5l1.8-2.1c34.8-41.1 61.6-87.5 79.7-137.9l.9-2.6c4.5-12.3.8-26.3-9.3-35zM788.3 465.9c2.5 15.1 3.8 30.6 3.8 46.1s-1.3 31-3.8 46.1l-6.6 40.1 74.7 63.9a370.03 370.03 0 0 1-42.6 73.6L721 702.8l-31.4 25.8c-23.9 19.6-50.5 35-79.3 45.8l-38.1 14.3-17.9 97a377.5 377.5 0 0 1-85 0l-17.9-97.2-37.8-14.5c-28.5-10.8-55-26.2-78.7-45.7l-31.4-25.9-93.4 33.2c-17-22.9-31.2-47.6-42.6-73.6l75.5-64.5-6.5-40c-2.4-14.9-3.7-30.3-3.7-45.5 0-15.3 1.2-30.6 3.7-45.5l6.5-40-75.5-64.5c11.3-26.1 25.6-50.7 42.6-73.6l93.4 33.2 31.4-25.9c23.7-19.5 50.2-34.9 78.7-45.7l37.9-14.3 17.9-97.2c28.1-3.2 56.8-3.2 85 0l17.9 97 38.1 14.3c28.7 10.8 55.4 26.2 79.3 45.8l31.4 25.8 92.8-32.9c17 22.9 31.2 47.6 42.6 73.6L781.8 426l6.5 39.9zM512 326c-97.2 0-176 78.8-176 176s78.8 176 176 176 176-78.8 176-176-78.8-176-176-176zm79.2 255.2A111.6 111.6 0 0 1 512 614c-29.9 0-58-11.7-79.2-32.8A111.6 111.6 0 0 1 400 502c0-29.9 11.7-58 32.8-79.2C454 401.6 482.1 390 512 390c29.9 0 58 11.6 79.2 32.8A111.6 111.6 0 0 1 624 502c0 29.9-11.7 58-32.8 79.2z"
          />
        </svg>
        <a
          href="/not-implemented"
          onClick={[Function]}
        >
          <p
            className="chakra-text css-1cdoqzz"
          >
            Settings
          </p>
        </a>
      </div>
      <hr
        aria-orientation="horizontal"
        className="chakra-divider css-1x4iw6"
      />
    </div>
    <div
      className="chakra-stack css-4id5c9"
    >
      <button
        className="chakra-button css-1qzaohp"
        onClick={[Function]}
        type="button"
      >
        Sign out
      </button>
    </div>
  </div>
</div>
`;
