// Jest Snapshot v1, https://goo.gl/fbAQLP

exports[`Test weekly sessions chart renders correctly 1`] = `
Array [
  <div
    style={
      Object {
        "width": "99%",
      }
    }
  >
    <canvas
      height={200}
      role="img"
      width={300}
    />
  </div>,
  <span />,
]
`;
